[    1058ms] [LOG] [Fast Refresh] rebuilding @ http://localhost:3000/_next/static/chunks/2374f_next_dist_5b90db1e._.js:2297
[    1252ms] [LOG] [Fast Refresh] done in 298ms @ http://localhost:3000/_next/static/chunks/2374f_next_dist_5b90db1e._.js:2297
[    1735ms] [INFO] %cDownload the React DevTools for a better development experience: https://react.dev/link/react-devtools font-weight:bold @ http://localhost:3000/_next/static/chunks/2374f_next_dist_5b90db1e._.js:2297
[    1838ms] [LOG] [HMR] connected @ http://localhost:3000/_next/static/chunks/2374f_next_dist_5b90db1e._.js:2297
[    1958ms] [LOG] [Fast Refresh] rebuilding @ http://localhost:3000/_next/static/chunks/2374f_next_dist_5b90db1e._.js:2297
[    2034ms] [LOG] [Fast Refresh] done in 177ms @ http://localhost:3000/_next/static/chunks/2374f_next_dist_5b90db1e._.js:2297
[    8981ms] [LOG] [Fast Refresh] rebuilding @ http://localhost:3000/_next/static/chunks/2374f_next_dist_5b90db1e._.js:2297
[   11094ms] [LOG] [Fast Refresh] done in 2219ms @ http://localhost:3000/_next/static/chunks/2374f_next_dist_5b90db1e._.js:2297
[   11317ms] [LOG] [Fast Refresh] rebuilding @ http://localhost:3000/_next/static/chunks/2374f_next_dist_5b90db1e._.js:2297
[   11631ms] [LOG] [Fast Refresh] done in 415ms @ http://localhost:3000/_next/static/chunks/2374f_next_dist_5b90db1e._.js:2297
[   19656ms] [LOG] [Fast Refresh] rebuilding @ http://localhost:3000/_next/static/chunks/2374f_next_dist_5b90db1e._.js:2297
[   19705ms] [LOG] [Fast Refresh] done in 153ms @ http://localhost:3000/_next/static/chunks/2374f_next_dist_5b90db1e._.js:2297
[   41754ms] [LOG] [Fast Refresh] rebuilding @ http://localhost:3000/_next/static/chunks/2374f_next_dist_5b90db1e._.js:2297
[   43090ms] [LOG] [Fast Refresh] done in 1201ms @ http://localhost:3000/_next/static/chunks/2374f_next_dist_5b90db1e._.js:2297
[   49016ms] [LOG] [Fast Refresh] rebuilding @ http://localhost:3000/_next/static/chunks/2374f_next_dist_5b90db1e._.js:2297
[   49411ms] [LOG] [Fast Refresh] done in 359ms @ http://localhost:3000/_next/static/chunks/2374f_next_dist_5b90db1e._.js:2297
[   59646ms] [LOG] [Fast Refresh] rebuilding @ http://localhost:3000/_next/static/chunks/2374f_next_dist_5b90db1e._.js:2297
[   59800ms] [LOG] [Fast Refresh] done in 156ms @ http://localhost:3000/_next/static/chunks/2374f_next_dist_5b90db1e._.js:2297
[   73532ms] [LOG] [Fast Refresh] rebuilding @ http://localhost:3000/_next/static/chunks/2374f_next_dist_5b90db1e._.js:2297
[   73647ms] [LOG] [Fast Refresh] done in 153ms @ http://localhost:3000/_next/static/chunks/2374f_next_dist_5b90db1e._.js:2297
[   89703ms] [LOG] [Fast Refresh] rebuilding @ http://localhost:3000/_next/static/chunks/2374f_next_dist_5b90db1e._.js:2297
[   90111ms] [LOG] [Fast Refresh] done in 398ms @ http://localhost:3000/_next/static/chunks/2374f_next_dist_5b90db1e._.js:2297
[   97951ms] [LOG] [Fast Refresh] rebuilding @ http://localhost:3000/_next/static/chunks/2374f_next_dist_5b90db1e._.js:2297
[   98165ms] [LOG] [Fast Refresh] done in 202ms @ http://localhost:3000/_next/static/chunks/2374f_next_dist_5b90db1e._.js:2297
[  106969ms] [LOG] [Fast Refresh] rebuilding @ http://localhost:3000/_next/static/chunks/2374f_next_dist_5b90db1e._.js:2297
[  107134ms] [LOG] [Fast Refresh] done in 158ms @ http://localhost:3000/_next/static/chunks/2374f_next_dist_5b90db1e._.js:2297
[  120715ms] [LOG] [Fast Refresh] rebuilding @ http://localhost:3000/_next/static/chunks/2374f_next_dist_5b90db1e._.js:2297
[  122542ms] [LOG] [Fast Refresh] done in 1495ms @ http://localhost:3000/_next/static/chunks/2374f_next_dist_5b90db1e._.js:2297
[  129187ms] [LOG] [Fast Refresh] rebuilding @ http://localhost:3000/_next/static/chunks/2374f_next_dist_5b90db1e._.js:2297
[  133326ms] [LOG] [Fast Refresh] done in 4246ms @ http://localhost:3000/_next/static/chunks/2374f_next_dist_5b90db1e._.js:2297
[  142987ms] [INFO] %cDownload the React DevTools for a better development experience: https://react.dev/link/react-devtools font-weight:bold @ http://localhost:3000/_next/static/chunks/2374f_next_dist_5b90db1e._.js:2297
[  143532ms] [LOG] [HMR] connected @ http://localhost:3000/_next/static/chunks/2374f_next_dist_5b90db1e._.js:2297
