[     438ms] [LOG] [Fast Refresh] rebuilding @ http://localhost:3000/_next/static/chunks/2374f_next_dist_5b90db1e._.js:2297
[    2095ms] [LOG] [Fast Refresh] done in 1757ms @ http://localhost:3000/_next/static/chunks/2374f_next_dist_5b90db1e._.js:2297
[    4264ms] [INFO] %cDownload the React DevTools for a better development experience: https://react.dev/link/react-devtools font-weight:bold @ http://localhost:3000/_next/static/chunks/2374f_next_dist_5b90db1e._.js:2297
[    4307ms] [LOG] [HMR] connected @ http://localhost:3000/_next/static/chunks/2374f_next_dist_5b90db1e._.js:2297
[   81839ms] [LOG] [Fast Refresh] rebuilding @ http://localhost:3000/_next/static/chunks/2374f_next_dist_5b90db1e._.js:2297
[   82001ms] [LOG] [Fast Refresh] done in 265ms @ http://localhost:3000/_next/static/chunks/2374f_next_dist_5b90db1e._.js:2297
[   84495ms] [LOG] [Fast Refresh] rebuilding @ http://localhost:3000/_next/static/chunks/2374f_next_dist_5b90db1e._.js:2297
[   84510ms] [LOG] [Fast Refresh] done in 116ms @ http://localhost:3000/_next/static/chunks/2374f_next_dist_5b90db1e._.js:2297
[  131943ms] [LOG] [Fast Refresh] rebuilding @ http://localhost:3000/_next/static/chunks/2374f_next_dist_5b90db1e._.js:2297
[  132328ms] [LOG] [Fast Refresh] done in 495ms @ http://localhost:3000/_next/static/chunks/2374f_next_dist_5b90db1e._.js:2297
[  132520ms] [LOG] [Fast Refresh] rebuilding @ http://localhost:3000/_next/static/chunks/2374f_next_dist_5b90db1e._.js:2297
[  132569ms] [LOG] [Fast Refresh] done in 150ms @ http://localhost:3000/_next/static/chunks/2374f_next_dist_5b90db1e._.js:2297
[  136073ms] [LOG] [Fast Refresh] rebuilding @ http://localhost:3000/_next/static/chunks/2374f_next_dist_5b90db1e._.js:2297
[  137032ms] [LOG] [Fast Refresh] done in 992ms @ http://localhost:3000/_next/static/chunks/2374f_next_dist_5b90db1e._.js:2297
[  144853ms] [LOG] [Fast Refresh] rebuilding @ http://localhost:3000/_next/static/chunks/2374f_next_dist_5b90db1e._.js:2297
[  145086ms] [LOG] [Fast Refresh] done in 291ms @ http://localhost:3000/_next/static/chunks/2374f_next_dist_5b90db1e._.js:2297
[  152503ms] [LOG] [Fast Refresh] rebuilding @ http://localhost:3000/_next/static/chunks/2374f_next_dist_5b90db1e._.js:2297
[  152747ms] [LOG] [Fast Refresh] done in 296ms @ http://localhost:3000/_next/static/chunks/2374f_next_dist_5b90db1e._.js:2297
[  164638ms] [LOG] [Fast Refresh] rebuilding @ http://localhost:3000/_next/static/chunks/2374f_next_dist_5b90db1e._.js:2297
[  164735ms] [LOG] [Fast Refresh] done in 167ms @ http://localhost:3000/_next/static/chunks/2374f_next_dist_5b90db1e._.js:2297
[  172688ms] [LOG] [Fast Refresh] rebuilding @ http://localhost:3000/_next/static/chunks/2374f_next_dist_5b90db1e._.js:2297
[  172786ms] [LOG] [Fast Refresh] done in 186ms @ http://localhost:3000/_next/static/chunks/2374f_next_dist_5b90db1e._.js:2297
[  178318ms] [LOG] [Fast Refresh] rebuilding @ http://localhost:3000/_next/static/chunks/2374f_next_dist_5b90db1e._.js:2297
[  178392ms] [LOG] [Fast Refresh] done in 166ms @ http://localhost:3000/_next/static/chunks/2374f_next_dist_5b90db1e._.js:2297
[  186589ms] [LOG] [Fast Refresh] rebuilding @ http://localhost:3000/_next/static/chunks/2374f_next_dist_5b90db1e._.js:2297
[  186659ms] [LOG] [Fast Refresh] done in 155ms @ http://localhost:3000/_next/static/chunks/2374f_next_dist_5b90db1e._.js:2297
