[    1875ms] [INFO] %cDownload the React DevTools for a better development experience: https://react.dev/link/react-devtools font-weight:bold @ http://localhost:3000/_next/static/chunks/2374f_next_dist_5b90db1e._.js:2297
[    1956ms] [LOG] [HMR] connected @ http://localhost:3000/_next/static/chunks/2374f_next_dist_5b90db1e._.js:2297
[    2081ms] [LOG] [Fast Refresh] rebuilding @ http://localhost:3000/_next/static/chunks/2374f_next_dist_5b90db1e._.js:2297
[    2134ms] [LOG] [Fast Refresh] done in 154ms @ http://localhost:3000/_next/static/chunks/2374f_next_dist_5b90db1e._.js:2297
[   19866ms] [LOG] [Fast Refresh] rebuilding @ http://localhost:3000/_next/static/chunks/2374f_next_dist_5b90db1e._.js:2297
[   20089ms] [LOG] [Fast Refresh] done in 324ms @ http://localhost:3000/_next/static/chunks/2374f_next_dist_5b90db1e._.js:2297
[   56137ms] [LOG] [Fast Refresh] rebuilding @ http://localhost:3000/_next/static/chunks/2374f_next_dist_5b90db1e._.js:2297
[   56140ms] [LOG] [Fast Refresh] done in 106ms @ http://localhost:3000/_next/static/chunks/2374f_next_dist_5b90db1e._.js:2297
[   83915ms] [LOG] [Fast Refresh] rebuilding @ http://localhost:3000/_next/static/chunks/2374f_next_dist_5b90db1e._.js:2297
[   83923ms] [LOG] [Fast Refresh] done in 109ms @ http://localhost:3000/_next/static/chunks/2374f_next_dist_5b90db1e._.js:2297
[  105212ms] [LOG] [Fast Refresh] rebuilding @ http://localhost:3000/_next/static/chunks/2374f_next_dist_5b90db1e._.js:2297
[  105223ms] [LOG] [Fast Refresh] done in 114ms @ http://localhost:3000/_next/static/chunks/2374f_next_dist_5b90db1e._.js:2297
[  189667ms] [LOG] [Fast Refresh] rebuilding @ http://localhost:3000/_next/static/chunks/2374f_next_dist_5b90db1e._.js:2297
[  190381ms] [LOG] [Fast Refresh] done in 760ms @ http://localhost:3000/_next/static/chunks/2374f_next_dist_5b90db1e._.js:2297
[  195146ms] [LOG] [Fast Refresh] rebuilding @ http://localhost:3000/_next/static/chunks/2374f_next_dist_5b90db1e._.js:2297
[  195250ms] [LOG] [Fast Refresh] done in 156ms @ http://localhost:3000/_next/static/chunks/2374f_next_dist_5b90db1e._.js:2297
[  267110ms] [LOG] [Fast Refresh] rebuilding @ http://localhost:3000/_next/static/chunks/2374f_next_dist_5b90db1e._.js:2297
[  267439ms] ReferenceError: ChapterTerminal is not defined
    at StudentPage (http://localhost:3000/_next/static/chunks/web_d2ccea82._.js?id=%255Bproject%255D%252Fweb%252Fapp%252Fstudent%252Fpage.tsx+%255Bapp-client%255D+%2528ecmascript%2529:1221:255)
    at Object.react_stack_bottom_frame (http://localhost:3000/_next/static/chunks/2374f_next_dist_compiled_react-dom_7b1e232c._.js:14826:24)
    at renderWithHooks (http://localhost:3000/_next/static/chunks/2374f_next_dist_compiled_react-dom_7b1e232c._.js:4651:24)
    at updateFunctionComponent (http://localhost:3000/_next/static/chunks/2374f_next_dist_compiled_react-dom_7b1e232c._.js:6112:21)
    at beginWork (http://localhost:3000/_next/static/chunks/2374f_next_dist_compiled_react-dom_7b1e232c._.js:6708:24)
    at runWithFiberInDEV (http://localhost:3000/_next/static/chunks/2374f_next_dist_compiled_react-dom_7b1e232c._.js:965:74)
    at performUnitOfWork (http://localhost:3000/_next/static/chunks/2374f_next_dist_compiled_react-dom_7b1e232c._.js:9562:97)
    at workLoopSync (http://localhost:3000/_next/static/chunks/2374f_next_dist_compiled_react-dom_7b1e232c._.js:9456:40)
    at renderRootSync (http://localhost:3000/_next/static/chunks/2374f_next_dist_compiled_react-dom_7b1e232c._.js:9440:13)
    at performWorkOnRoot (http://localhost:3000/_next/static/chunks/2374f_next_dist_compiled_react-dom_7b1e232c._.js:9105:47)
    at performSyncWorkOnRoot (http://localhost:3000/_next/static/chunks/2374f_next_dist_compiled_react-dom_7b1e232c._.js:10238:9)
    at flushSyncWorkAcrossRoots_impl (http://localhost:3000/_next/static/chunks/2374f_next_dist_compiled_react-dom_7b1e232c._.js:10154:316)
    at flushSyncWork$1 (http://localhost:3000/_next/static/chunks/2374f_next_dist_compiled_react-dom_7b1e232c._.js:9237:86)
    at Object.scheduleRefresh (http://localhost:3000/_next/static/chunks/2374f_next_dist_compiled_react-dom_7b1e232c._.js:299:13)
    at http://localhost:3000/_next/static/chunks/2374f_next_dist_compiled_6e130f56._.js:391:33
    at Set.forEach (<anonymous>)
    at Object.performReactRefresh (http://localhost:3000/_next/static/chunks/2374f_next_dist_compiled_6e130f56._.js:384:38)
    at applyUpdate (http://localhost:3000/_next/static/chunks/2374f_next_dist_compiled_6e130f56._.js:878:31)
    at http://localhost:3000/_next/static/chunks/2374f_next_dist_compiled_6e130f56._.js:886:13
[  267416ms] [LOG] [Fast Refresh] done in 214ms @ http://localhost:3000/_next/static/chunks/2374f_next_dist_5b90db1e._.js:2297
[  267675ms] [LOG] [Fast Refresh] rebuilding @ http://localhost:3000/_next/static/chunks/2374f_next_dist_5b90db1e._.js:2297
[  267872ms] [LOG] [Fast Refresh] done in 298ms @ http://localhost:3000/_next/static/chunks/2374f_next_dist_5b90db1e._.js:2297
[  281070ms] [LOG] [Fast Refresh] rebuilding @ http://localhost:3000/_next/static/chunks/2374f_next_dist_5b90db1e._.js:2297
[  281089ms] [WARNING] [Fast Refresh] performing full reload because your application had an unrecoverable error @ http://localhost:3000/_next/static/chunks/2374f_next_dist_5b90db1e._.js:2297
[  281325ms] [WARNING] GSAP target  not found. https://gsap.com @ http://localhost:3000/_next/static/chunks/2374f_next_dist_5b90db1e._.js:2297
[  281327ms] [WARNING] GSAP target  not found. https://gsap.com @ http://localhost:3000/_next/static/chunks/2374f_next_dist_5b90db1e._.js:2297
[  281328ms] [WARNING] GSAP target  not found. https://gsap.com @ http://localhost:3000/_next/static/chunks/2374f_next_dist_5b90db1e._.js:2297
[  281398ms] [LOG] [Fast Refresh] done in 111ms @ http://localhost:3000/_next/static/chunks/2374f_next_dist_5b90db1e._.js:2297
[  281818ms] [LOG] [Fast Refresh] rebuilding @ http://localhost:3000/_next/static/chunks/2374f_next_dist_5b90db1e._.js:2297
[  285052ms] [LOG] [Fast Refresh] done in 3336ms @ http://localhost:3000/_next/static/chunks/2374f_next_dist_5b90db1e._.js:2297
[  286444ms] [INFO] %cDownload the React DevTools for a better development experience: https://react.dev/link/react-devtools font-weight:bold @ http://localhost:3000/_next/static/chunks/2374f_next_dist_5b90db1e._.js:2297
[  286516ms] [LOG] [HMR] connected @ http://localhost:3000/_next/static/chunks/2374f_next_dist_5b90db1e._.js:2297
[  286686ms] [WARNING] GSAP target  not found. https://gsap.com @ http://localhost:3000/_next/static/chunks/2374f_next_dist_5b90db1e._.js:2297
[  286689ms] [WARNING] GSAP target  not found. https://gsap.com @ http://localhost:3000/_next/static/chunks/2374f_next_dist_5b90db1e._.js:2297
[  286690ms] [WARNING] GSAP target  not found. https://gsap.com @ http://localhost:3000/_next/static/chunks/2374f_next_dist_5b90db1e._.js:2297
[  286714ms] [LOG] [Fast Refresh] rebuilding @ http://localhost:3000/_next/static/chunks/2374f_next_dist_5b90db1e._.js:2297
[  286733ms] [LOG] [Fast Refresh] done in 167ms @ http://localhost:3000/_next/static/chunks/2374f_next_dist_5b90db1e._.js:2297
[  315381ms] [LOG] [Fast Refresh] rebuilding @ http://localhost:3000/_next/static/chunks/2374f_next_dist_5b90db1e._.js:2297
[  319460ms] [LOG] [Fast Refresh] done in 4192ms @ http://localhost:3000/_next/static/chunks/2374f_next_dist_5b90db1e._.js:2297
[  319773ms] [LOG] [Fast Refresh] rebuilding @ http://localhost:3000/_next/static/chunks/2374f_next_dist_5b90db1e._.js:2297
[  320209ms] [LOG] [Fast Refresh] done in 537ms @ http://localhost:3000/_next/static/chunks/2374f_next_dist_5b90db1e._.js:2297
