[     575ms] [INFO] %cDownload the React DevTools for a better development experience: https://react.dev/link/react-devtools font-weight:bold @ http://localhost:3000/_next/static/chunks/2374f_next_dist_5b90db1e._.js:2297
[     612ms] [LOG] [HMR] connected @ http://localhost:3000/_next/static/chunks/2374f_next_dist_5b90db1e._.js:2297
[   97654ms] [LOG] [Fast Refresh] rebuilding @ http://localhost:3000/_next/static/chunks/2374f_next_dist_5b90db1e._.js:2297
[   97777ms] [LOG] [Fast Refresh] done in 227ms @ http://localhost:3000/_next/static/chunks/2374f_next_dist_5b90db1e._.js:2297
[  130522ms] [LOG] [Fast Refresh] rebuilding @ http://localhost:3000/_next/static/chunks/2374f_next_dist_5b90db1e._.js:2297
[  137487ms] [LOG] [Fast Refresh] done in 1959ms @ http://localhost:3000/_next/static/chunks/2374f_next_dist_5b90db1e._.js:2297
[  137762ms] [LOG] [Fast Refresh] rebuilding @ http://localhost:3000/_next/static/chunks/2374f_next_dist_5b90db1e._.js:2297
[  137776ms] [LOG] [Fast Refresh] done in 114ms @ http://localhost:3000/_next/static/chunks/2374f_next_dist_5b90db1e._.js:2297
[  142472ms] ReferenceError: DepthGlobe is not defined
    at HomeHero (http://localhost:3000/_next/static/chunks/web_components_717e0b2d._.js?id=%255Bproject%255D%252Fweb%252Fcomponents%252Fsections%252FHomeHero.tsx+%255Bapp-client%255D+%2528ecmascript%2529:208:245)
    at Object.react_stack_bottom_frame (http://localhost:3000/_next/static/chunks/2374f_next_dist_compiled_react-dom_7b1e232c._.js:14826:24)
    at renderWithHooks (http://localhost:3000/_next/static/chunks/2374f_next_dist_compiled_react-dom_7b1e232c._.js:4651:24)
    at updateFunctionComponent (http://localhost:3000/_next/static/chunks/2374f_next_dist_compiled_react-dom_7b1e232c._.js:6112:21)
    at beginWork (http://localhost:3000/_next/static/chunks/2374f_next_dist_compiled_react-dom_7b1e232c._.js:6708:24)
    at runWithFiberInDEV (http://localhost:3000/_next/static/chunks/2374f_next_dist_compiled_react-dom_7b1e232c._.js:965:74)
    at performUnitOfWork (http://localhost:3000/_next/static/chunks/2374f_next_dist_compiled_react-dom_7b1e232c._.js:9562:97)
    at workLoopSync (http://localhost:3000/_next/static/chunks/2374f_next_dist_compiled_react-dom_7b1e232c._.js:9456:40)
    at renderRootSync (http://localhost:3000/_next/static/chunks/2374f_next_dist_compiled_react-dom_7b1e232c._.js:9440:13)
    at performWorkOnRoot (http://localhost:3000/_next/static/chunks/2374f_next_dist_compiled_react-dom_7b1e232c._.js:9068:186)
    at performSyncWorkOnRoot (http://localhost:3000/_next/static/chunks/2374f_next_dist_compiled_react-dom_7b1e232c._.js:10238:9)
    at flushSyncWorkAcrossRoots_impl (http://localhost:3000/_next/static/chunks/2374f_next_dist_compiled_react-dom_7b1e232c._.js:10154:316)
    at processRootScheduleInMicrotask (http://localhost:3000/_next/static/chunks/2374f_next_dist_compiled_react-dom_7b1e232c._.js:10175:106)
    at http://localhost:3000/_next/static/chunks/2374f_next_dist_compiled_react-dom_7b1e232c._.js:10249:158
[  142766ms] [ERROR] Failed to load resource: the server responded with a status of 500 (Internal Server Error) @ http://localhost:3000/:0
[  143036ms] [INFO] %cDownload the React DevTools for a better development experience: https://react.dev/link/react-devtools font-weight:bold @ http://localhost:3000/_next/static/chunks/2374f_next_dist_5b90db1e._.js:2297
[  143146ms] [LOG] [HMR] connected @ http://localhost:3000/_next/static/chunks/2374f_next_dist_5b90db1e._.js:2297
[  143442ms] [LOG] [Fast Refresh] rebuilding @ http://localhost:3000/_next/static/chunks/2374f_next_dist_5b90db1e._.js:2297
[  143731ms] ReferenceError: DepthGlobe is not defined
    at HomeHero (http://localhost:3000/_next/static/chunks/web_components_717e0b2d._.js:330:245)
    at Object.react_stack_bottom_frame (http://localhost:3000/_next/static/chunks/2374f_next_dist_compiled_react-dom_7b1e232c._.js:14826:24)
    at renderWithHooks (http://localhost:3000/_next/static/chunks/2374f_next_dist_compiled_react-dom_7b1e232c._.js:4651:24)
    at updateFunctionComponent (http://localhost:3000/_next/static/chunks/2374f_next_dist_compiled_react-dom_7b1e232c._.js:6112:21)
    at beginWork (http://localhost:3000/_next/static/chunks/2374f_next_dist_compiled_react-dom_7b1e232c._.js:6687:639)
    at runWithFiberInDEV (http://localhost:3000/_next/static/chunks/2374f_next_dist_compiled_react-dom_7b1e232c._.js:965:74)
    at performUnitOfWork (http://localhost:3000/_next/static/chunks/2374f_next_dist_compiled_react-dom_7b1e232c._.js:9562:97)
    at workLoopSync (http://localhost:3000/_next/static/chunks/2374f_next_dist_compiled_react-dom_7b1e232c._.js:9456:40)
    at renderRootSync (http://localhost:3000/_next/static/chunks/2374f_next_dist_compiled_react-dom_7b1e232c._.js:9440:13)
    at performWorkOnRoot (http://localhost:3000/_next/static/chunks/2374f_next_dist_compiled_react-dom_7b1e232c._.js:9105:47)
    at performWorkOnRootViaSchedulerTask (http://localhost:3000/_next/static/chunks/2374f_next_dist_compiled_react-dom_7b1e232c._.js:10230:9)
    at MessagePort.performWorkUntilDeadline (http://localhost:3000/_next/static/chunks/2374f_next_dist_compiled_6e130f56._.js:2647:64)
[  143788ms] [ERROR] Failed to load resource: the server responded with a status of 404 (Not Found) @ http://localhost:3000/favicon.ico:0
[  144019ms] [LOG] [Fast Refresh] done in 715ms @ http://localhost:3000/_next/static/chunks/2374f_next_dist_5b90db1e._.js:2297
[  144648ms] [LOG] [Fast Refresh] rebuilding @ http://localhost:3000/_next/static/chunks/2374f_next_dist_5b90db1e._.js:2297
[  144649ms] [LOG] [Fast Refresh] done in 103ms @ http://localhost:3000/_next/static/chunks/2374f_next_dist_5b90db1e._.js:2297
[  146996ms] [WARNING] The resource http://localhost:3000/_next/static/chunks/%5Broot-of-the-server%5D__6fd2eb70._.css was preloaded using link preload but not used within a few seconds from the window's load event. Please make sure it has an appropriate `as` value and it is preloaded intentionally. @ http://localhost:3000/:0
[  148956ms] [LOG] [Fast Refresh] rebuilding @ http://localhost:3000/_next/static/chunks/2374f_next_dist_5b90db1e._.js:2297
[  149339ms] [LOG] [Fast Refresh] done in 494ms @ http://localhost:3000/_next/static/chunks/2374f_next_dist_5b90db1e._.js:2297
[  203409ms] [LOG] [Fast Refresh] rebuilding @ http://localhost:3000/_next/static/chunks/2374f_next_dist_5b90db1e._.js:2297
[  205023ms] [LOG] [Fast Refresh] done in 1718ms @ http://localhost:3000/_next/static/chunks/2374f_next_dist_5b90db1e._.js:2297
[  209511ms] [LOG] [Fast Refresh] rebuilding @ http://localhost:3000/_next/static/chunks/2374f_next_dist_5b90db1e._.js:2297
[  209661ms] [LOG] [Fast Refresh] done in 251ms @ http://localhost:3000/_next/static/chunks/2374f_next_dist_5b90db1e._.js:2297
[  210692ms] [LOG] [Fast Refresh] rebuilding @ http://localhost:3000/_next/static/chunks/2374f_next_dist_5b90db1e._.js:2297
[  211656ms] [LOG] [Fast Refresh] done in 1066ms @ http://localhost:3000/_next/static/chunks/2374f_next_dist_5b90db1e._.js:2297
[  345911ms] [LOG] [Fast Refresh] rebuilding @ http://localhost:3000/_next/static/chunks/2374f_next_dist_5b90db1e._.js:2297
[  346920ms] [WARNING] [Fast Refresh] performing full reload because your application had an unrecoverable error @ http://localhost:3000/_next/static/chunks/2374f_next_dist_5b90db1e._.js:2297
[  347052ms] [LOG] [Fast Refresh] done in 1073ms @ http://localhost:3000/_next/static/chunks/2374f_next_dist_5b90db1e._.js:2297
[  347463ms] [LOG] [Fast Refresh] rebuilding @ http://localhost:3000/_next/static/chunks/2374f_next_dist_5b90db1e._.js:2297
[  348513ms] [LOG] [Fast Refresh] done in 1158ms @ http://localhost:3000/_next/static/chunks/2374f_next_dist_5b90db1e._.js:2297
[  350014ms] [INFO] %cDownload the React DevTools for a better development experience: https://react.dev/link/react-devtools font-weight:bold @ http://localhost:3000/_next/static/chunks/2374f_next_dist_5b90db1e._.js:2297
[  350098ms] [LOG] [HMR] connected @ http://localhost:3000/_next/static/chunks/2374f_next_dist_5b90db1e._.js:2297
[  354529ms] [LOG] [Fast Refresh] rebuilding @ http://localhost:3000/_next/static/chunks/2374f_next_dist_5b90db1e._.js:2297
[  354559ms] [LOG] [Fast Refresh] done in 42ms @ http://localhost:3000/_next/static/chunks/2374f_next_dist_5b90db1e._.js:2297
[  361303ms] [LOG] [Fast Refresh] rebuilding @ http://localhost:3000/_next/static/chunks/2374f_next_dist_5b90db1e._.js:2297
[  361487ms] [LOG] [Fast Refresh] done in 257ms @ http://localhost:3000/_next/static/chunks/2374f_next_dist_5b90db1e._.js:2297
[  372449ms] [LOG] [Fast Refresh] rebuilding @ http://localhost:3000/_next/static/chunks/2374f_next_dist_5b90db1e._.js:2297
[  372626ms] [LOG] [Fast Refresh] done in 243ms @ http://localhost:3000/_next/static/chunks/2374f_next_dist_5b90db1e._.js:2297
[  384502ms] [LOG] [Fast Refresh] rebuilding @ http://localhost:3000/_next/static/chunks/2374f_next_dist_5b90db1e._.js:2297
[  385427ms] [LOG] [Fast Refresh] done in 1003ms @ http://localhost:3000/_next/static/chunks/2374f_next_dist_5b90db1e._.js:2297
[  393601ms] [LOG] [Fast Refresh] rebuilding @ http://localhost:3000/_next/static/chunks/2374f_next_dist_5b90db1e._.js:2297
[  393806ms] [LOG] [Fast Refresh] done in 265ms @ http://localhost:3000/_next/static/chunks/2374f_next_dist_5b90db1e._.js:2297
[  399813ms] [LOG] [Fast Refresh] rebuilding @ http://localhost:3000/_next/static/chunks/2374f_next_dist_5b90db1e._.js:2297
[  399934ms] [LOG] [Fast Refresh] done in 188ms @ http://localhost:3000/_next/static/chunks/2374f_next_dist_5b90db1e._.js:2297
